// Jest Snapshot v1, https://goo.gl/fbAQLP

exports[`gen Distortion 1`] = `
"interface Distortion {
    slug;
    emoji;
    labelKey;
    descriptionKey;
}
"
`;

exports[`gen DistortionID 1`] = `
"type DistortionID = string;
"
`;
